---
source: crates/tungstate-cli/tests/cli.rs
expression: help
---
Change how a sync behaves from its next run on

Usage: tungstate sync set [OPTIONS] <NAME>

Arguments:
  <NAME>  The sync

Options:
      --exact                      Carry deletions too, so every member is exactly the same
      --not-exact                  Only ever add; a file deleted by hand comes back
      --on-conflict <ON_CONFLICT>  quarantine, rename or skip
      --on-remove <ON_REMOVE>      set-aside or delete. Delete needs --exact
      --verify <VERIFY>            size, hash or readback
      --cooldown <COOLDOWN>        Seconds a file must have been untouched before it moves
      --first-check <FIRST_CHECK>  full, sampled or size
  -h, --help                       Print help
